Component: ARM Compiler 5.06 update 6 (build 750) Tool: armlink [4d35ed]

==============================================================================

Section Cross References

    chessclock.o(RESET) refers to chessclock.o(TestData) for count


==============================================================================

Image Symbol Table

    Local Symbols

    Symbol Name                              Value     Ov Type        Size  Object(Section)

    RESET                                    0x00000000   Section      516  chessclock.o(RESET)
    ChessClock.s                             0x00000000   Number         0  chessclock.o ABSOLUTE
    Button_Handler                           0x0000011c   ARM Code       0  chessclock.o(RESET)
    TestData                                 0x40000000   Section       12  chessclock.o(TestData)
    count                                    0x40000000   Data           4  chessclock.o(TestData)
    time1                                    0x40000004   Data           4  chessclock.o(TestData)
    time2                                    0x40000008   Data           4  chessclock.o(TestData)

    Global Symbols

    Symbol Name                              Value     Ov Type        Size  Object(Section)

    BuildAttributes$$THM_ISAv1$ARM_ISAv4$S$PE$A:L22$X:L11$S22$IEEE1$IW$USESV6$~STKCKD$USESV7$~SHL$OSPACE$EBA8$STANDARDLIB$EABIv2 0x00000000   Number         0  anon$$obj.o ABSOLUTE



==============================================================================

Memory Map of the image

  Image Entry point : 0x00000000

  Load Region LR_IROM1 (Base: 0x00000000, Size: 0x00000210, Max: 0x00080000, ABSOLUTE)

    Execution Region ER_IROM1 (Exec base: 0x00000000, Load base: 0x00000000, Size: 0x00000204, Max: 0x00080000, ABSOLUTE)

    Exec Addr    Load Addr    Size         Type   Attr      Idx    E Section Name        Object

    0x00000000   0x00000000   0x00000204   Code   RO            1  * RESET               chessclock.o


    Execution Region RW_IRAM1 (Exec base: 0x40000000, Load base: 0x00000204, Size: 0x0000000c, Max: 0x00010000, ABSOLUTE, UNINIT)

    Exec Addr    Load Addr    Size         Type   Attr      Idx    E Section Name        Object

    0x40000000   0x00000204   0x0000000c   Data   RW            2    TestData            chessclock.o


==============================================================================

Image component sizes


      Code (inc. data)   RO Data    RW Data    ZI Data      Debug   Object Name

       516         84          0         12          0        428   chessclock.o

    ----------------------------------------------------------------------
       516         84          0         12          0        428   Object Totals
         0          0          0          0          0          0   (incl. Generated)
         0          0          0          0          0          0   (incl. Padding)

    ----------------------------------------------------------------------
         0          0          0          0          0          0   Library Totals
         0          0          0          0          0          0   (incl. Padding)

    ----------------------------------------------------------------------

==============================================================================


      Code (inc. data)   RO Data    RW Data    ZI Data      Debug   

       516         84          0         12          0        428   Grand Totals
       516         84          0         12          0        428   ELF Image Totals
       516         84          0         12          0          0   ROM Totals

==============================================================================

    Total RO  Size (Code + RO Data)                  516 (   0.50kB)
    Total RW  Size (RW Data + ZI Data)                12 (   0.01kB)
    Total ROM Size (Code + RO Data + RW Data)        528 (   0.52kB)

==============================================================================

